Microchip MPLAB XC8 Compiler V1.41 ()

Linker command line:

-W-3 --edf=C:\Program Files (x86)\Microchip\xc8\v1.41\dat\en_msgs.txt -cs \
  -h+dist/default/debug\UBMP-LPF.debug.sym \
  --cmf=dist/default/debug\UBMP-LPF.debug.cmf -z -Q16F1459 \
  -oC:\Users\Abhi\AppData\Local\Temp\s270.2 \
  -Mdist/default/debug/UBMP-LPF.debug.map -E1 -ver=XC8 \
  -ASTACK=0201Fh-023efh -pstack=STACK -ACODE=0C04h-0FFFh,01000h-017FFhx2 \
  -ASTRCODE=0C04h-01FFFh -ASTRING=0C04h-0CFFh,0D00h-0DFFhx19 \
  -ACONST=0C04h-0CFFh,0D00h-0DFFhx19 -AENTRY=0C04h-0CFFh,0D00h-0DFFhx19 \
  -ACOMMON=070h-07Fh -ABANK0=020h-06Fh -ABANK1=0A0h-0EFh \
  -ABANK2=0120h-016Fh -ABANK3=01A0h-01EFh -ABANK4=0220h-026Fh \
  -ABANK5=02A0h-02EFh -ABANK6=0320h-036Fh -ABANK7=03A0h-03EFh \
  -ABANK8=0420h-046Fh -ABANK9=04A0h-04EFh -ABANK10=0520h-056Fh \
  -ABANK11=05A0h-05EFh -ABANK12=0620h-064Fh -ABIGRAM=02000h-023EFh \
  -ARAM=020h-06Fh,0A0h-0EFh,0120h-016Fh,01A0h-01EFh,0220h-026Fh,02A0h-02EFh,0320h-036Fh,03A0h-03EFh,0420h-046Fh,04A0h-04EFh,0520h-056Fh,05A0h-05EFh,0620h-064Fh \
  -AABS1=020h-07Fh,0A0h-0EFh,0120h-016Fh,01A0h-01EFh,0220h-026Fh,02A0h-02EFh,0320h-036Fh,03A0h-03EFh,0420h-046Fh,04A0h-04EFh,0520h-056Fh,05A0h-05EFh,0620h-064Fh \
  -ASFR0=00h-01Fh -ASFR1=080h-09Fh -ASFR2=0100h-011Fh -ASFR3=0180h-019Fh \
  -ASFR4=0200h-021Fh -ASFR5=0280h-029Fh -ASFR6=0300h-031Fh \
  -ASFR7=0380h-039Fh -ASFR8=0400h-041Fh -ASFR9=0480h-049Fh \
  -ASFR10=0500h-051Fh -ASFR11=0580h-059Fh -ASFR12=0600h-061Fh \
  -ASFR13=0680h-06EFh -ASFR14=0700h-076Fh -ASFR15=0780h-07EFh \
  -ASFR16=0800h-086Fh -ASFR17=0880h-08EFh -ASFR18=0900h-096Fh \
  -ASFR19=0980h-09EFh -ASFR20=0A00h-0A6Fh -ASFR21=0A80h-0AEFh \
  -ASFR22=0B00h-0B6Fh -ASFR23=0B80h-0BEFh -ASFR24=0C00h-0C6Fh \
  -ASFR25=0C80h-0CEFh -ASFR26=0D00h-0D6Fh -ASFR27=0D80h-0DEFh \
  -ASFR28=0E00h-0E6Fh -ASFR29=0E80h-0EEFh -ASFR30=0F00h-0F6Fh \
  -ASFR31=0F80h-0FEFh -preset_vec=0C04h,intentry,init,end_init \
  -ppowerup=CODE -pcinit=CODE -pfunctab=CODE -ACONFIG=08007h-08008h \
  -pconfig=CONFIG -DCONFIG=2 -AIDLOC=08000h-08003h -pidloc=IDLOC -DIDLOC=2 \
  -DCODE=2 -DSTRCODE=2 -DSTRING=2 -DCONST=2 -DENTRY=2 -k \
  C:\Users\Abhi\AppData\Local\Temp\s270.obj \
  dist/default/debug\UBMP-LPF.debug.obj 

Object code version is 3.11

Machine type is 16F1459



                Name                               Link     Load   Length Selector   Space Scale
C:\Users\Abhi\AppData\Local\Temp\s270.obj
                end_init                            C07      C07        2     1808       0
                reset_vec                           C04      C04        3     1808       0
                config                             8007     8007        2    1000E       0
dist/default/debug\UBMP-LPF.debug.obj
                cinit                               FE4      FE4       1C     1FC8       0
                text12                             17AF     17AF       51     2F5E       0
                text11                             1783     1783       13     2F06       0
                text10                             1771     1771        7     2EE2       0
                text9                              1796     1796       19     2F2C       0
                text8                               C9B      C9B       67     1936       0
                text7                               D02      D02       67     1A04       0
                text6                               D69      D69       67     1AD2       0
                text5                               DD0      DD0       67     1BA0       0
                text4                               E37      E37       67     1C6E       0
                text3                               E9E      E9E       67     1D3C       0
                text2                               C45      C45       56     188A       0
                text1                               C0C      C0C       39     1818       0
                maintext                            F05      F05       DF     1E0A       0
                cstackBANK0                          36       36        9       20       1
                cstackCOMMON                         70       70        B       70       1
                inittext                           176B     176B        6     2ED6       0
                dataBANK0                            2B       2B        B       20       1
                bssBANK0                             20       20        B       20       1
                bssCOMMON                            7B       7B        3       70       1
                stringtext                         1000     1000      101     2000       0
                idataBANK0                         1778     1778        B     2EF0       0

TOTAL           Name                               Link     Load   Length     Space
        CLASS   STACK          

        CLASS   CODE           
                end_init                            C07      C07        2         0
                cinit                               FE4      FE4       1C         0
                reset_vec                           C04      C04        3         0
                text12                             17AF     17AF       51         0
                text11                             1783     1783       13         0
                text10                             1771     1771        7         0
                text9                              1796     1796       19         0
                text8                               C9B      C9B       67         0
                text7                               D02      D02       67         0
                text6                               D69      D69       67         0
                text5                               DD0      DD0       67         0
                text4                               E37      E37       67         0
                text3                               E9E      E9E       67         0
                text2                               C45      C45       56         0
                text1                               C0C      C0C       39         0
                maintext                            F05      F05       DF         0
                inittext                           176B     176B        6         0
                idataBANK0                         1778     1778        B         0

        CLASS   STRCODE        
                stringtext                         1000     1000      101         0

        CLASS   STRING         

        CLASS   CONST          

        CLASS   ENTRY          

        CLASS   COMMON         
                cstackCOMMON                         70       70        B         1
                bssCOMMON                            7B       7B        3         1

        CLASS   BANK0          
                cstackBANK0                          36       36        9         1
                dataBANK0                            2B       2B        B         1
                bssBANK0                             20       20        B         1

        CLASS   BANK1          

        CLASS   BANK2          

        CLASS   BANK3          

        CLASS   BANK4          

        CLASS   BANK5          

        CLASS   BANK6          

        CLASS   BANK7          

        CLASS   BANK8          

        CLASS   BANK9          

        CLASS   BANK10         

        CLASS   BANK11         

        CLASS   BANK12         

        CLASS   BIGRAM         

        CLASS   RAM            

        CLASS   ABS1           
                abs_s1                               7E       7E        2         1

        CLASS   SFR0           

        CLASS   SFR1           

        CLASS   SFR2           

        CLASS   SFR3           

        CLASS   SFR4           

        CLASS   SFR5           

        CLASS   SFR6           

        CLASS   SFR7           

        CLASS   SFR8           

        CLASS   SFR9           

        CLASS   SFR10          

        CLASS   SFR11          

        CLASS   SFR12          

        CLASS   SFR13          

        CLASS   SFR14          

        CLASS   SFR15          

        CLASS   SFR16          

        CLASS   SFR17          

        CLASS   SFR18          

        CLASS   SFR19          

        CLASS   SFR20          

        CLASS   SFR21          

        CLASS   SFR22          

        CLASS   SFR23          

        CLASS   SFR24          

        CLASS   SFR25          

        CLASS   SFR26          

        CLASS   SFR27          

        CLASS   SFR28          

        CLASS   SFR29          

        CLASS   SFR30          

        CLASS   SFR31          

        CLASS   CONFIG         
                config                             8007     8007        2         0

        CLASS   IDLOC          

        CLASS   BANK31         

        CLASS   BANK30         

        CLASS   BANK29         

        CLASS   BANK28         

        CLASS   BANK27         

        CLASS   BANK26         

        CLASS   BANK25         

        CLASS   BANK24         

        CLASS   BANK23         

        CLASS   BANK22         

        CLASS   BANK21         

        CLASS   BANK20         

        CLASS   BANK19         

        CLASS   BANK18         

        CLASS   BANK17         

        CLASS   BANK16         

        CLASS   BANK15         

        CLASS   BANK14         

        CLASS   BANK13         

        CLASS   EEDATA         



SEGMENTS        Name                           Load    Length   Top    Selector   Space  Class     Delta

                bssBANK0                       000020  00001F  00003F        20       1  BANK0       1
                cstackCOMMON                   000070  00000E  00007E        70       1  COMMON      1
                reset_vec                      000C04  000005  000C09      1808       0  CODE        2
                text1                          000C0C  000039  000C45      1818       0  CODE        2
                text2                          000C45  000056  000C9B      188A       0  CODE        2
                text8                          000C9B  000067  000D02      1936       0  CODE        2
                text7                          000D02  000067  000D69      1A04       0  CODE        2
                text6                          000D69  000067  000DD0      1AD2       0  CODE        2
                text5                          000DD0  000067  000E37      1BA0       0  CODE        2
                text4                          000E37  000067  000E9E      1C6E       0  CODE        2
                text3                          000E9E  000067  000F05      1D3C       0  CODE        2
                maintext                       000F05  0000DF  000FE4      1E0A       0  CODE        2
                cinit                          000FE4  00001C  001000      1FC8       0  CODE        2
                stringtext                     001000  000101  001101      2000       0  STRCODE     2
                inittext                       00176B  000006  001771      2ED6       0  CODE        2
                text10                         001771  000007  001778      2EE2       0  CODE        2
                idataBANK0                     001778  00000B  001783      2EF0       0  CODE        2
                text11                         001783  000013  001796      2F06       0  CODE        2
                text9                          001796  000019  0017AF      2F2C       0  CODE        2
                text12                         0017AF  000051  001800      2F5E       0  CODE        2
                config                         008007  000002  008009     1000E       0  CONFIG      2


UNUSED ADDRESS RANGES

        Name                Unused          Largest block    Delta
        BANK0            0003F-0006F              31           1
        BANK1            000A0-000EF              50           1
        BANK10           00520-0056F              50           1
        BANK11           005A0-005EF              50           1
        BANK12           00620-0064F              30           1
        BANK2            00120-0016F              50           1
        BANK3            001A0-001EF              50           1
        BANK4            00220-0026F              50           1
        BANK5            002A0-002EF              50           1
        BANK6            00320-0036F              50           1
        BANK7            003A0-003EF              50           1
        BANK8            00420-0046F              50           1
        BANK9            004A0-004EF              50           1
        BIGRAM           02000-023EF             3F0           1
        CODE             00C09-00C0B               3           2
                         01101-0176A             66A
                         01800-01FFF             800
        CONST            00C09-00C0B               3           2
                         01101-0176A             100
                         01800-01FFF             100
        ENTRY            00C09-00C0B               3           2
                         01101-0176A             100
                         01800-01FFF             100
        IDLOC            08000-08003               4           2
        RAM              0003F-0006F              31           1
                         000A0-000EF              50
                         00120-0016F              50
                         001A0-001EF              50
                         00220-0026F              50
                         002A0-002EF              50
                         00320-0036F              50
                         003A0-003EF              50
                         00420-0046F              50
                         004A0-004EF              50
                         00520-0056F              50
                         005A0-005EF              50
                         00620-0064F              30
        SFR0             00000-0001F              20           1
        SFR1             00080-0009F              20           1
        SFR10            00500-0051F              20           1
        SFR11            00580-0059F              20           1
        SFR12            00600-0061F              20           1
        SFR13            00680-006EF              70           1
        SFR14            00700-0076F              70           1
        SFR15            00780-007EF              70           1
        SFR16            00800-0086F              70           1
        SFR17            00880-008EF              70           1
        SFR18            00900-0096F              70           1
        SFR19            00980-009EF              70           1
        SFR2             00100-0011F              20           1
        SFR20            00A00-00A6F              70           1
        SFR21            00A80-00AEF              70           1
        SFR22            00B00-00B6F              70           1
        SFR23            00B80-00BEF              70           1
        SFR24            00C00-00C6F              70           1
        SFR25            00C80-00CEF              70           1
        SFR26            00D00-00D6F              70           1
        SFR27            00D80-00DEF              70           1
        SFR28            00E00-00E6F              70           1
        SFR29            00E80-00EEF              70           1
        SFR3             00180-0019F              20           1
        SFR30            00F00-00F6F              70           1
        SFR31            00F80-00FEF              70           1
        SFR4             00200-0021F              20           1
        SFR5             00280-0029F              20           1
        SFR6             00300-0031F              20           1
        SFR7             00380-0039F              20           1
        SFR8             00400-0041F              20           1
        SFR9             00480-0049F              20           1
        STACK            0201F-023EF             3D1           1
        STRCODE          00C09-00C0B               3           2
                         01101-0176A             66A
                         01800-01FFF             800
        STRING           00C09-00C0B               3           2
                         01101-0176A             100
                         01800-01FFF             100

                                  Symbol Table

?___awdiv                cstackCOMMON 00070
NeoPixel1@height         cstackCOMMON 00073
NeoPixel1@leds           cstackCOMMON 00070
NeoPixel2@height         cstackCOMMON 00073
NeoPixel2@leds           cstackCOMMON 00070
NeoPixel3@height         cstackCOMMON 00073
NeoPixel3@leds           cstackCOMMON 00070
NeoPixel4@height         cstackCOMMON 00073
NeoPixel4@leds           cstackCOMMON 00070
NeoPixel5@height         cstackCOMMON 00073
NeoPixel5@leds           cstackCOMMON 00070
NeoPixel6@height         cstackCOMMON 00073
NeoPixel6@leds           cstackCOMMON 00070
NeoPixel7@leds           cstackCOMMON 00070
_ACTCON                  (abs)        0039B
_ADCON0                  (abs)        0009D
_ADCON1                  (abs)        0009E
_ADCON2                  (abs)        0009F
_ADON                    (abs)        004E8
_ADRESH                  (abs)        0009C
_ANSELA                  (abs)        0018C
_ANSELB                  (abs)        0018D
_ANSELC                  (abs)        0018E
_GO                      (abs)        004E9
_LATA                    (abs)        0010C
_LATB                    (abs)        0010D
_LATC                    (abs)        0010E
_LPFAvg                  bssBANK0     00029
_LPFInput                dataBANK0    0002B
_NeoPixel1               text8        00C9B
_NeoPixel1$73            cstackCOMMON 00074
_NeoPixel2               text7        00D02
_NeoPixel2$77            cstackCOMMON 00074
_NeoPixel3               text6        00D69
_NeoPixel3$81            cstackCOMMON 00074
_NeoPixel4               text5        00DD0
_NeoPixel4$85            cstackCOMMON 00074
_NeoPixel5               text4        00E37
_NeoPixel5$89            cstackCOMMON 00074
_NeoPixel6               text3        00E9E
_NeoPixel6$93            cstackCOMMON 00074
_NeoPixel7               text2        00C45
_OPTION_REG              (abs)        00095
_OSCCON                  (abs)        00099
_RA3                     (abs)        00063
_TRISA                   (abs)        0008C
_TRISB                   (abs)        0008D
_TRISC                   (abs)        0008E
__CFG_BOREN$OFF          (abs)        00000
__CFG_BORV$LO            (abs)        00000
__CFG_CLKOUTEN$OFF       (abs)        00000
__CFG_CP$OFF             (abs)        00000
__CFG_CPUDIV$NOCLKDIV    (abs)        00000
__CFG_FCMEN$OFF          (abs)        00000
__CFG_FOSC$INTOSC        (abs)        00000
__CFG_IESO$OFF           (abs)        00000
__CFG_LPBOR$OFF          (abs)        00000
__CFG_LVP$OFF            (abs)        00000
__CFG_MCLRE$OFF          (abs)        00000
__CFG_PLLEN$ENABLED      (abs)        00000
__CFG_PLLMULT$3x         (abs)        00000
__CFG_PWRTE$ON           (abs)        00000
__CFG_STVREN$ON          (abs)        00000
__CFG_USBLSCLK$48MHz     (abs)        00000
__CFG_WDTE$OFF           (abs)        00000
__CFG_WRT$OFF            (abs)        00000
__Habs1                  abs1         00000
__Hbank0                 bank0        00000
__Hbank1                 bank1        00000
__Hbank10                bank10       00000
__Hbank11                bank11       00000
__Hbank12                bank12       00000
__Hbank13                bank13       00000
__Hbank14                bank14       00000
__Hbank15                bank15       00000
__Hbank16                bank16       00000
__Hbank17                bank17       00000
__Hbank18                bank18       00000
__Hbank19                bank19       00000
__Hbank2                 bank2        00000
__Hbank20                bank20       00000
__Hbank21                bank21       00000
__Hbank22                bank22       00000
__Hbank23                bank23       00000
__Hbank24                bank24       00000
__Hbank25                bank25       00000
__Hbank26                bank26       00000
__Hbank27                bank27       00000
__Hbank28                bank28       00000
__Hbank29                bank29       00000
__Hbank3                 bank3        00000
__Hbank30                bank30       00000
__Hbank31                bank31       00000
__Hbank4                 bank4        00000
__Hbank5                 bank5        00000
__Hbank6                 bank6        00000
__Hbank7                 bank7        00000
__Hbank8                 bank8        00000
__Hbank9                 bank9        00000
__Hbigram                bigram       00000
__HbssBANK0              bssBANK0     00000
__HbssCOMMON             bssCOMMON    00000
__Hcinit                 cinit        01000
__Hclrtext               clrtext      00000
__Hcode                  code         00000
__Hcommon                common       00000
__Hconfig                config       08009
__HcstackBANK0           cstackBANK0  00000
__HcstackCOMMON          cstackCOMMON 00000
__HdataBANK0             dataBANK0    00000
__Heeprom_data           eeprom_data  00000
__Hend_init              end_init     00C09
__Hfunctab               functab      00000
__HidataBANK0            idataBANK0   00000
__Hidloc                 idloc        00000
__Hinit                  init         00C07
__Hinittext              inittext     00000
__Hintentry              intentry     00C07
__Hmaintext              maintext     00000
__Hpowerup               powerup      00000
__Hram                   ram          00000
__Hreset_vec             reset_vec    00C07
__Hsfr0                  sfr0         00000
__Hsfr1                  sfr1         00000
__Hsfr10                 sfr10        00000
__Hsfr11                 sfr11        00000
__Hsfr12                 sfr12        00000
__Hsfr13                 sfr13        00000
__Hsfr14                 sfr14        00000
__Hsfr15                 sfr15        00000
__Hsfr16                 sfr16        00000
__Hsfr17                 sfr17        00000
__Hsfr18                 sfr18        00000
__Hsfr19                 sfr19        00000
__Hsfr2                  sfr2         00000
__Hsfr20                 sfr20        00000
__Hsfr21                 sfr21        00000
__Hsfr22                 sfr22        00000
__Hsfr23                 sfr23        00000
__Hsfr24                 sfr24        00000
__Hsfr25                 sfr25        00000
__Hsfr26                 sfr26        00000
__Hsfr27                 sfr27        00000
__Hsfr28                 sfr28        00000
__Hsfr29                 sfr29        00000
__Hsfr3                  sfr3         00000
__Hsfr30                 sfr30        00000
__Hsfr31                 sfr31        00000
__Hsfr4                  sfr4         00000
__Hsfr5                  sfr5         00000
__Hsfr6                  sfr6         00000
__Hsfr7                  sfr7         00000
__Hsfr8                  sfr8         00000
__Hsfr9                  sfr9         00000
__Hspace_0               (abs)        08009
__Hspace_1               (abs)        0007E
__Hspace_2               (abs)        00000
__Hspace_3               (abs)        00000
__Hstack                 stack        00000
__Hstrings               strings      00000
__Hstringtext            stringtext   00000
__Htext                  text         00000
__Labs1                  abs1         00000
__Lbank0                 bank0        00000
__Lbank1                 bank1        00000
__Lbank10                bank10       00000
__Lbank11                bank11       00000
__Lbank12                bank12       00000
__Lbank13                bank13       00000
__Lbank14                bank14       00000
__Lbank15                bank15       00000
__Lbank16                bank16       00000
__Lbank17                bank17       00000
__Lbank18                bank18       00000
__Lbank19                bank19       00000
__Lbank2                 bank2        00000
__Lbank20                bank20       00000
__Lbank21                bank21       00000
__Lbank22                bank22       00000
__Lbank23                bank23       00000
__Lbank24                bank24       00000
__Lbank25                bank25       00000
__Lbank26                bank26       00000
__Lbank27                bank27       00000
__Lbank28                bank28       00000
__Lbank29                bank29       00000
__Lbank3                 bank3        00000
__Lbank30                bank30       00000
__Lbank31                bank31       00000
__Lbank4                 bank4        00000
__Lbank5                 bank5        00000
__Lbank6                 bank6        00000
__Lbank7                 bank7        00000
__Lbank8                 bank8        00000
__Lbank9                 bank9        00000
__Lbigram                bigram       00000
__LbssBANK0              bssBANK0     00000
__LbssCOMMON             bssCOMMON    00000
__Lcinit                 cinit        00FE4
__Lclrtext               clrtext      00000
__Lcode                  code         00000
__Lcommon                common       00000
__Lconfig                config       08007
__LcstackBANK0           cstackBANK0  00000
__LcstackCOMMON          cstackCOMMON 00000
__LdataBANK0             dataBANK0    00000
__Leeprom_data           eeprom_data  00000
__Lend_init              end_init     00C07
__Lfunctab               functab      00000
__LidataBANK0            idataBANK0   00000
__Lidloc                 idloc        00000
__Linit                  init         00C07
__Linittext              inittext     00000
__Lintentry              intentry     00C07
__Lmaintext              maintext     00000
__Lpowerup               powerup      00000
__Lram                   ram          00000
__Lreset_vec             reset_vec    00C04
__Lsfr0                  sfr0         00000
__Lsfr1                  sfr1         00000
__Lsfr10                 sfr10        00000
__Lsfr11                 sfr11        00000
__Lsfr12                 sfr12        00000
__Lsfr13                 sfr13        00000
__Lsfr14                 sfr14        00000
__Lsfr15                 sfr15        00000
__Lsfr16                 sfr16        00000
__Lsfr17                 sfr17        00000
__Lsfr18                 sfr18        00000
__Lsfr19                 sfr19        00000
__Lsfr2                  sfr2         00000
__Lsfr20                 sfr20        00000
__Lsfr21                 sfr21        00000
__Lsfr22                 sfr22        00000
__Lsfr23                 sfr23        00000
__Lsfr24                 sfr24        00000
__Lsfr25                 sfr25        00000
__Lsfr26                 sfr26        00000
__Lsfr27                 sfr27        00000
__Lsfr28                 sfr28        00000
__Lsfr29                 sfr29        00000
__Lsfr3                  sfr3         00000
__Lsfr30                 sfr30        00000
__Lsfr31                 sfr31        00000
__Lsfr4                  sfr4         00000
__Lsfr5                  sfr5         00000
__Lsfr6                  sfr6         00000
__Lsfr7                  sfr7         00000
__Lsfr8                  sfr8         00000
__Lsfr9                  sfr9         00000
__Lspace_0               (abs)        00000
__Lspace_1               (abs)        00000
__Lspace_2               (abs)        00000
__Lspace_3               (abs)        00000
__Lstack                 stack        00000
__Lstrings               strings      00000
__Lstringtext            stringtext   00000
__Ltext                  text         00000
__S0                     (abs)        08009
__S1                     (abs)        0007E
__S2                     (abs)        00000
___awdiv                 text12       017AF
___awdiv@counter         cstackCOMMON 00075
___awdiv@dividend        cstackCOMMON 00072
___awdiv@divisor         cstackCOMMON 00070
___awdiv@quotient        cstackCOMMON 00077
___awdiv@sign            cstackCOMMON 00076
___int_sp                stack        00000
___latbits               (abs)        00002
___sp                    stack        00000
__end_of_LPFLookupTable  stringtext   01100
__end_of_NeoPixel1       text8        00D02
__end_of_NeoPixel2       text7        00D69
__end_of_NeoPixel3       text6        00DD0
__end_of_NeoPixel4       text5        00E37
__end_of_NeoPixel5       text4        00E9E
__end_of_NeoPixel6       text3        00F05
__end_of_NeoPixel7       text2        00C9B
__end_of___awdiv         text12       01800
__end_of__initialization cinit        00FFD
__end_of_adConvert       text11       01796
__end_of_initOsc         text10       01778
__end_of_initPorts       text9        017AF
__end_of_lights          text1        00C45
__end_of_main            maintext     00FE4
__end_of_maxLEDs         stringtext   01101
__initialization         cinit        00FE4
__pbssBANK0              bssBANK0     00020
__pbssCOMMON             bssCOMMON    0007B
__pcstackBANK0           cstackBANK0  00036
__pcstackCOMMON          cstackCOMMON 00070
__pdataBANK0             dataBANK0    0002B
__pidataBANK0            idataBANK0   01778
__pmaintext              maintext     00F05
__pstringtext            stringtext   01000
__ptext1                 text1        00C0C
__ptext10                text10       01771
__ptext11                text11       01783
__ptext12                text12       017AF
__ptext2                 text2        00C45
__ptext3                 text3        00E9E
__ptext4                 text4        00E37
__ptext5                 text5        00DD0
__ptext6                 text6        00D69
__ptext7                 text7        00D02
__ptext8                 text8        00C9B
__ptext9                 text9        01796
__size_of_NeoPixel1      (abs)        00000
__size_of_NeoPixel2      (abs)        00000
__size_of_NeoPixel3      (abs)        00000
__size_of_NeoPixel4      (abs)        00000
__size_of_NeoPixel5      (abs)        00000
__size_of_NeoPixel6      (abs)        00000
__size_of_NeoPixel7      (abs)        00000
__size_of___awdiv        (abs)        00000
__size_of_adConvert      (abs)        00000
__size_of_initOsc        (abs)        00000
__size_of_initPorts      (abs)        00000
__size_of_lights         (abs)        00000
__size_of_main           (abs)        00000
_adConvert               text11       01783
_blue                    bssCOMMON    0007C
_green                   dataBANK0    00035
_i                       bssCOMMON    0007B
_initOsc                 text10       01771
_initPorts               text9        01796
_lastVal                 bssBANK0     0002A
_lights                  text1        00C0C
_main                    maintext     00F05
_main$111                cstackCOMMON 00079
_max1                    bssBANK0     00027
_max2                    bssBANK0     00026
_max3                    bssBANK0     00025
_max4                    bssBANK0     00024
_maxLEDs                 stringtext   01100
_red                     bssCOMMON    0007D
_temp                    bssBANK0     00020
_tempIN                  bssBANK0     00028
adConvert@chan           cstackCOMMON 00070
btemp                    (abs)        0007E
end_of_initialization    cinit        00FFD
init_ram                 inittext     0176B
intlevel0                functab      00000
intlevel1                functab      00000
intlevel2                functab      00000
intlevel3                functab      00000
intlevel4                functab      00000
intlevel5                functab      00000
lights@height2           cstackCOMMON 00078
lights@numLeds           cstackCOMMON 00076
reset_vec                reset_vec    00C04
stackhi                  (abs)        023EF
stacklo                  (abs)        0201F
start                    init         00C07
start_initialization     cinit        00FE4
wtemp0                   (abs)        0007E


FUNCTION INFORMATION:

 *************** function _main *****************
 Defined at:
		line 445 in file "UBMPLPF.c"
 Parameters:    Size  Location     Type
		None
 Auto vars:     Size  Location     Type
		None
 Return value:  Size  Location     Type
                  2  203[None  ] int 
 Registers used:
		wreg, fsr0l, fsr0h, fsr1l, fsr1h, status,2, status,0, pclath, cstack
 Tracked objects:
		On entry : 
		On exit  : 
		Unchanged: 
 Data sizes:     COMMON   BANK0   BANK1   BANK2   BANK3   BANK4   BANK5   BANK6   BANK7   BANK8   BANK9  BANK10  BANK11  BANK12
      Params:         0       0       0       0       0       0       0       0       0       0       0       0       0       0
      Locals:         2       0       0       0       0       0       0       0       0       0       0       0       0       0
      Temps:          0       9       0       0       0       0       0       0       0       0       0       0       0       0
      Totals:         2       9       0       0       0       0       0       0       0       0       0       0       0       0
Total ram usage:       11 bytes
 Hardware stack levels required when called:    2
 This function calls:
		___awdiv
		_adConvert
		_initOsc
		_initPorts
		_lights
 This function is called by:
		Startup code after reset
 This function uses a non-reentrant model


 *************** function _lights *****************
 Defined at:
		line 432 in file "UBMPLPF.c"
 Parameters:    Size  Location     Type
  height2         1    wreg     unsigned char 
  numLeds         1    6[COMMON] unsigned char 
 Auto vars:     Size  Location     Type
  height2         1    8[COMMON] unsigned char 
 Return value:  Size  Location     Type
                  1    wreg      void 
 Registers used:
		wreg, status,2, status,0, pclath, cstack
 Tracked objects:
		On entry : 
		On exit  : 
		Unchanged: 
 Data sizes:     COMMON   BANK0   BANK1   BANK2   BANK3   BANK4   BANK5   BANK6   BANK7   BANK8   BANK9  BANK10  BANK11  BANK12
      Params:         1       0       0       0       0       0       0       0       0       0       0       0       0       0
      Locals:         1       0       0       0       0       0       0       0       0       0       0       0       0       0
      Temps:          1       0       0       0       0       0       0       0       0       0       0       0       0       0
      Totals:         3       0       0       0       0       0       0       0       0       0       0       0       0       0
Total ram usage:        3 bytes
 Hardware stack levels used:    1
 Hardware stack levels required when called:    1
 This function calls:
		_NeoPixel1
		_NeoPixel2
		_NeoPixel3
		_NeoPixel4
		_NeoPixel5
		_NeoPixel6
		_NeoPixel7
 This function is called by:
		_main
 This function uses a non-reentrant model


 *************** function _NeoPixel7 *****************
 Defined at:
		line 362 in file "UBMPLPF.c"
 Parameters:    Size  Location     Type
  height          1    wreg     unsigned char 
  leds            1    0[COMMON] unsigned char 
 Auto vars:     Size  Location     Type
  height          1    0[COMMON] unsigned char 
 Return value:  Size  Location     Type
                  1    wreg      void 
 Registers used:
		wreg, status,2, status,0
 Tracked objects:
		On entry : 
		On exit  : 
		Unchanged: 
 Data sizes:     COMMON   BANK0   BANK1   BANK2   BANK3   BANK4   BANK5   BANK6   BANK7   BANK8   BANK9  BANK10  BANK11  BANK12
      Params:         1       0       0       0       0       0       0       0       0       0       0       0       0       0
      Locals:         0       0       0       0       0       0       0       0       0       0       0       0       0       0
      Temps:          1       0       0       0       0       0       0       0       0       0       0       0       0       0
      Totals:         2       0       0       0       0       0       0       0       0       0       0       0       0       0
Total ram usage:        2 bytes
 Hardware stack levels used:    1
 This function calls:
		Nothing
 This function is called by:
		_lights
 This function uses a non-reentrant model


 *************** function _NeoPixel6 *****************
 Defined at:
		line 314 in file "UBMPLPF.c"
 Parameters:    Size  Location     Type
  height          1    wreg     unsigned char 
  leds            1    0[COMMON] unsigned char 
 Auto vars:     Size  Location     Type
  height          1    3[COMMON] unsigned char 
 Return value:  Size  Location     Type
                  1    wreg      void 
 Registers used:
		wreg, status,2, status,0
 Tracked objects:
		On entry : 
		On exit  : 
		Unchanged: 
 Data sizes:     COMMON   BANK0   BANK1   BANK2   BANK3   BANK4   BANK5   BANK6   BANK7   BANK8   BANK9  BANK10  BANK11  BANK12
      Params:         1       0       0       0       0       0       0       0       0       0       0       0       0       0
      Locals:         3       0       0       0       0       0       0       0       0       0       0       0       0       0
      Temps:          2       0       0       0       0       0       0       0       0       0       0       0       0       0
      Totals:         6       0       0       0       0       0       0       0       0       0       0       0       0       0
Total ram usage:        6 bytes
 Hardware stack levels used:    1
 This function calls:
		Nothing
 This function is called by:
		_lights
 This function uses a non-reentrant model


 *************** function _NeoPixel5 *****************
 Defined at:
		line 266 in file "UBMPLPF.c"
 Parameters:    Size  Location     Type
  height          1    wreg     unsigned char 
  leds            1    0[COMMON] unsigned char 
 Auto vars:     Size  Location     Type
  height          1    3[COMMON] unsigned char 
 Return value:  Size  Location     Type
                  1    wreg      void 
 Registers used:
		wreg, status,2, status,0
 Tracked objects:
		On entry : 
		On exit  : 
		Unchanged: 
 Data sizes:     COMMON   BANK0   BANK1   BANK2   BANK3   BANK4   BANK5   BANK6   BANK7   BANK8   BANK9  BANK10  BANK11  BANK12
      Params:         1       0       0       0       0       0       0       0       0       0       0       0       0       0
      Locals:         3       0       0       0       0       0       0       0       0       0       0       0       0       0
      Temps:          2       0       0       0       0       0       0       0       0       0       0       0       0       0
      Totals:         6       0       0       0       0       0       0       0       0       0       0       0       0       0
Total ram usage:        6 bytes
 Hardware stack levels used:    1
 This function calls:
		Nothing
 This function is called by:
		_lights
 This function uses a non-reentrant model


 *************** function _NeoPixel4 *****************
 Defined at:
		line 218 in file "UBMPLPF.c"
 Parameters:    Size  Location     Type
  height          1    wreg     unsigned char 
  leds            1    0[COMMON] unsigned char 
 Auto vars:     Size  Location     Type
  height          1    3[COMMON] unsigned char 
 Return value:  Size  Location     Type
                  1    wreg      void 
 Registers used:
		wreg, status,2, status,0
 Tracked objects:
		On entry : 
		On exit  : 
		Unchanged: 
 Data sizes:     COMMON   BANK0   BANK1   BANK2   BANK3   BANK4   BANK5   BANK6   BANK7   BANK8   BANK9  BANK10  BANK11  BANK12
      Params:         1       0       0       0       0       0       0       0       0       0       0       0       0       0
      Locals:         3       0       0       0       0       0       0       0       0       0       0       0       0       0
      Temps:          2       0       0       0       0       0       0       0       0       0       0       0       0       0
      Totals:         6       0       0       0       0       0       0       0       0       0       0       0       0       0
Total ram usage:        6 bytes
 Hardware stack levels used:    1
 This function calls:
		Nothing
 This function is called by:
		_lights
 This function uses a non-reentrant model


 *************** function _NeoPixel3 *****************
 Defined at:
		line 170 in file "UBMPLPF.c"
 Parameters:    Size  Location     Type
  height          1    wreg     unsigned char 
  leds            1    0[COMMON] unsigned char 
 Auto vars:     Size  Location     Type
  height          1    3[COMMON] unsigned char 
 Return value:  Size  Location     Type
                  1    wreg      void 
 Registers used:
		wreg, status,2, status,0
 Tracked objects:
		On entry : 
		On exit  : 
		Unchanged: 
 Data sizes:     COMMON   BANK0   BANK1   BANK2   BANK3   BANK4   BANK5   BANK6   BANK7   BANK8   BANK9  BANK10  BANK11  BANK12
      Params:         1       0       0       0       0       0       0       0       0       0       0       0       0       0
      Locals:         3       0       0       0       0       0       0       0       0       0       0       0       0       0
      Temps:          2       0       0       0       0       0       0       0       0       0       0       0       0       0
      Totals:         6       0       0       0       0       0       0       0       0       0       0       0       0       0
Total ram usage:        6 bytes
 Hardware stack levels used:    1
 This function calls:
		Nothing
 This function is called by:
		_lights
 This function uses a non-reentrant model


 *************** function _NeoPixel2 *****************
 Defined at:
		line 121 in file "UBMPLPF.c"
 Parameters:    Size  Location     Type
  height          1    wreg     unsigned char 
  leds            1    0[COMMON] unsigned char 
 Auto vars:     Size  Location     Type
  height          1    3[COMMON] unsigned char 
 Return value:  Size  Location     Type
                  1    wreg      void 
 Registers used:
		wreg, status,2, status,0
 Tracked objects:
		On entry : 
		On exit  : 
		Unchanged: 
 Data sizes:     COMMON   BANK0   BANK1   BANK2   BANK3   BANK4   BANK5   BANK6   BANK7   BANK8   BANK9  BANK10  BANK11  BANK12
      Params:         1       0       0       0       0       0       0       0       0       0       0       0       0       0
      Locals:         3       0       0       0       0       0       0       0       0       0       0       0       0       0
      Temps:          2       0       0       0       0       0       0       0       0       0       0       0       0       0
      Totals:         6       0       0       0       0       0       0       0       0       0       0       0       0       0
Total ram usage:        6 bytes
 Hardware stack levels used:    1
 This function calls:
		Nothing
 This function is called by:
		_lights
 This function uses a non-reentrant model


 *************** function _NeoPixel1 *****************
 Defined at:
		line 73 in file "UBMPLPF.c"
 Parameters:    Size  Location     Type
  height          1    wreg     unsigned char 
  leds            1    0[COMMON] unsigned char 
 Auto vars:     Size  Location     Type
  height          1    3[COMMON] unsigned char 
 Return value:  Size  Location     Type
                  1    wreg      void 
 Registers used:
		wreg, status,2, status,0
 Tracked objects:
		On entry : 
		On exit  : 
		Unchanged: 
 Data sizes:     COMMON   BANK0   BANK1   BANK2   BANK3   BANK4   BANK5   BANK6   BANK7   BANK8   BANK9  BANK10  BANK11  BANK12
      Params:         1       0       0       0       0       0       0       0       0       0       0       0       0       0
      Locals:         3       0       0       0       0       0       0       0       0       0       0       0       0       0
      Temps:          2       0       0       0       0       0       0       0       0       0       0       0       0       0
      Totals:         6       0       0       0       0       0       0       0       0       0       0       0       0       0
Total ram usage:        6 bytes
 Hardware stack levels used:    1
 This function calls:
		Nothing
 This function is called by:
		_lights
 This function uses a non-reentrant model


 *************** function _initPorts *****************
 Defined at:
		line 25 in file "UBMP.c"
 Parameters:    Size  Location     Type
		None
 Auto vars:     Size  Location     Type
		None
 Return value:  Size  Location     Type
                  1    wreg      void 
 Registers used:
		wreg, status,2
 Tracked objects:
		On entry : 
		On exit  : 
		Unchanged: 
 Data sizes:     COMMON   BANK0   BANK1   BANK2   BANK3   BANK4   BANK5   BANK6   BANK7   BANK8   BANK9  BANK10  BANK11  BANK12
      Params:         0       0       0       0       0       0       0       0       0       0       0       0       0       0
      Locals:         0       0       0       0       0       0       0       0       0       0       0       0       0       0
      Temps:          0       0       0       0       0       0       0       0       0       0       0       0       0       0
      Totals:         0       0       0       0       0       0       0       0       0       0       0       0       0       0
Total ram usage:        0 bytes
 Hardware stack levels used:    1
 This function calls:
		Nothing
 This function is called by:
		_main
 This function uses a non-reentrant model


 *************** function _initOsc *****************
 Defined at:
		line 16 in file "UBMP.c"
 Parameters:    Size  Location     Type
		None
 Auto vars:     Size  Location     Type
		None
 Return value:  Size  Location     Type
                  1    wreg      void 
 Registers used:
		wreg
 Tracked objects:
		On entry : 
		On exit  : 
		Unchanged: 
 Data sizes:     COMMON   BANK0   BANK1   BANK2   BANK3   BANK4   BANK5   BANK6   BANK7   BANK8   BANK9  BANK10  BANK11  BANK12
      Params:         0       0       0       0       0       0       0       0       0       0       0       0       0       0
      Locals:         0       0       0       0       0       0       0       0       0       0       0       0       0       0
      Temps:          0       0       0       0       0       0       0       0       0       0       0       0       0       0
      Totals:         0       0       0       0       0       0       0       0       0       0       0       0       0       0
Total ram usage:        0 bytes
 Hardware stack levels used:    1
 This function calls:
		Nothing
 This function is called by:
		_main
 This function uses a non-reentrant model


 *************** function _adConvert *****************
 Defined at:
		line 56 in file "UBMPLPF.c"
 Parameters:    Size  Location     Type
  chan            1    wreg     unsigned char 
 Auto vars:     Size  Location     Type
  chan            1    0[COMMON] unsigned char 
 Return value:  Size  Location     Type
                  1    wreg      unsigned char 
 Registers used:
		wreg, status,2, status,0
 Tracked objects:
		On entry : 
		On exit  : 
		Unchanged: 
 Data sizes:     COMMON   BANK0   BANK1   BANK2   BANK3   BANK4   BANK5   BANK6   BANK7   BANK8   BANK9  BANK10  BANK11  BANK12
      Params:         0       0       0       0       0       0       0       0       0       0       0       0       0       0
      Locals:         1       0       0       0       0       0       0       0       0       0       0       0       0       0
      Temps:          0       0       0       0       0       0       0       0       0       0       0       0       0       0
      Totals:         1       0       0       0       0       0       0       0       0       0       0       0       0       0
Total ram usage:        1 bytes
 Hardware stack levels used:    1
 This function calls:
		Nothing
 This function is called by:
		_main
 This function uses a non-reentrant model


 *************** function ___awdiv *****************
 Defined at:
		line 6 in file "C:\Program Files (x86)\Microchip\xc8\v1.41\sources\common\awdiv.c"
 Parameters:    Size  Location     Type
  divisor         2    0[COMMON] int 
  dividend        2    2[COMMON] int 
 Auto vars:     Size  Location     Type
  quotient        2    7[COMMON] int 
  sign            1    6[COMMON] unsigned char 
  counter         1    5[COMMON] unsigned char 
 Return value:  Size  Location     Type
                  2    0[COMMON] int 
 Registers used:
		wreg, status,2, status,0
 Tracked objects:
		On entry : 
		On exit  : 
		Unchanged: 
 Data sizes:     COMMON   BANK0   BANK1   BANK2   BANK3   BANK4   BANK5   BANK6   BANK7   BANK8   BANK9  BANK10  BANK11  BANK12
      Params:         4       0       0       0       0       0       0       0       0       0       0       0       0       0
      Locals:         4       0       0       0       0       0       0       0       0       0       0       0       0       0
      Temps:          1       0       0       0       0       0       0       0       0       0       0       0       0       0
      Totals:         9       0       0       0       0       0       0       0       0       0       0       0       0       0
Total ram usage:        9 bytes
 Hardware stack levels used:    1
 This function calls:
		Nothing
 This function is called by:
		_main
 This function uses a non-reentrant model



MODULE INFORMATION

Module		Function		Class		Link	Load	Size
C:\Program Files (x86)\Microchip\xc8\v1.41\sources\common\awdiv.c
		___awdiv       		CODE           	17AF	0000	82

C:\Program Files (x86)\Microchip\xc8\v1.41\sources\common\awdiv.c estimated size: 82

shared
		_LPFLookupTable		STRCODE        	0000	0000	0
		_maxLEDs       		STRCODE        	1100	0000	2
		__initialization		CODE           	0FE4	0000	26

shared estimated size: 28

UBMP.c
		_initOsc       		CODE           	1771	0000	8
		_initPorts     		CODE           	1796	0000	26

UBMP.c estimated size: 34

UBMPLPF.c
		_main          		CODE           	0F05	0000	224
		_lights        		CODE           	0C0C	0000	58
		_NeoPixel1     		CODE           	0C9B	0000	104
		_NeoPixel2     		CODE           	0D02	0000	104
		_NeoPixel3     		CODE           	0D69	0000	104
		_NeoPixel4     		CODE           	0DD0	0000	104
		_NeoPixel5     		CODE           	0E37	0000	104
		_NeoPixel6     		CODE           	0E9E	0000	104
		_NeoPixel7     		CODE           	0C45	0000	87
		_adConvert     		CODE           	1783	0000	20

UBMPLPF.c estimated size: 1013

