Microchip MPLAB XC8 Compiler V1.44 ()

Linker command line:

-W-3 --edf=C:\Program Files\Microchip\xc8\v1.44\dat\en_msgs.txt -cs \
  -h+dist/default/production\UBMP-LPF.production.sym \
  --cmf=dist/default/production\UBMP-LPF.production.cmf -z -Q16F1459 \
  -oC:\Users\AGRAA3~1.ADM\AppData\Local\Temp\s424.2 \
  -Mdist/default/production/UBMP-LPF.production.map -E1 -ver=XC8 \
  -ASTACK=0201Fh-023efh -pstack=STACK -ACODE=0C04h-0FFFh,01000h-017FFhx2 \
  -ASTRCODE=0C04h-01FFFh -ASTRING=0C04h-0CFFh,0D00h-0DFFhx19 \
  -ACONST=0C04h-0CFFh,0D00h-0DFFhx19 -AENTRY=0C04h-0CFFh,0D00h-0DFFhx19 \
  -ACOMMON=070h-07Fh -ABANK0=020h-06Fh -ABANK1=0A0h-0EFh \
  -ABANK2=0120h-016Fh -ABANK3=01A0h-01EFh -ABANK4=0220h-026Fh \
  -ABANK5=02A0h-02EFh -ABANK6=0320h-036Fh -ABANK7=03A0h-03EFh \
  -ABANK8=0420h-046Fh -ABANK9=04A0h-04EFh -ABANK10=0520h-056Fh \
  -ABANK11=05A0h-05EFh -ABANK12=0620h-064Fh -ABIGRAM=02000h-023EFh \
  -ARAM=020h-06Fh,0A0h-0EFh,0120h-016Fh,01A0h-01EFh,0220h-026Fh,02A0h-02EFh,0320h-036Fh,03A0h-03EFh,0420h-046Fh,04A0h-04EFh,0520h-056Fh,05A0h-05EFh,0620h-064Fh \
  -AABS1=020h-07Fh,0A0h-0EFh,0120h-016Fh,01A0h-01EFh,0220h-026Fh,02A0h-02EFh,0320h-036Fh,03A0h-03EFh,0420h-046Fh,04A0h-04EFh,0520h-056Fh,05A0h-05EFh,0620h-064Fh \
  -ASFR0=00h-01Fh -ASFR1=080h-09Fh -ASFR2=0100h-011Fh -ASFR3=0180h-019Fh \
  -ASFR4=0200h-021Fh -ASFR5=0280h-029Fh -ASFR6=0300h-031Fh \
  -ASFR7=0380h-039Fh -ASFR8=0400h-041Fh -ASFR9=0480h-049Fh \
  -ASFR10=0500h-051Fh -ASFR11=0580h-059Fh -ASFR12=0600h-061Fh \
  -ASFR13=0680h-06EFh -ASFR14=0700h-076Fh -ASFR15=0780h-07EFh \
  -ASFR16=0800h-086Fh -ASFR17=0880h-08EFh -ASFR18=0900h-096Fh \
  -ASFR19=0980h-09EFh -ASFR20=0A00h-0A6Fh -ASFR21=0A80h-0AEFh \
  -ASFR22=0B00h-0B6Fh -ASFR23=0B80h-0BEFh -ASFR24=0C00h-0C6Fh \
  -ASFR25=0C80h-0CEFh -ASFR26=0D00h-0D6Fh -ASFR27=0D80h-0DEFh \
  -ASFR28=0E00h-0E6Fh -ASFR29=0E80h-0EEFh -ASFR30=0F00h-0F6Fh \
  -ASFR31=0F80h-0FEFh -preset_vec=0C04h,intentry,init,end_init \
  -ppowerup=CODE -pcinit=CODE -pfunctab=ENTRY -ACONFIG=08007h-08008h \
  -pconfig=CONFIG -DCONFIG=2 -AIDLOC=08000h-08003h -pidloc=IDLOC -DIDLOC=2 \
  -DCODE=2 -DSTRCODE=2 -DSTRING=2 -DCONST=2 -DENTRY=2 -k \
  C:\Users\AGRAA3~1.ADM\AppData\Local\Temp\s424.obj \
  dist/default/production\UBMP-LPF.production.obj 

Object code version is 3.11

Machine type is 16F1459



                Name                               Link     Load   Length Selector   Space Scale
C:\Users\AGRAA3~1.ADM\AppData\Local\Temp\s424.obj
                end_init                            C07      C07        2     1808       0
                reset_vec                           C04      C04        3     1808       0
                config                             8007     8007        2    1000E       0
dist/default/production\UBMP-LPF.production.obj
                cinit                               FE0      FE0       20     1FC0       0
                text12                             17AF     17AF       51     2F5E       0
                text11                             1763     1763       13     2EC6       0
                text10                             1759     1759        A     2EB2       0
                text9                               C17      C17       19     182E       0
                text8                               C30      C30       66     1860       0
                text7                               C96      C96       66     192C       0
                text6                               CFC      CFC       66     19F8       0
                text5                               D62      D62       66     1AC4       0
                text4                               DC8      DC8       66     1B90       0
                text3                               E2E      E2E       66     1C5C       0
                text2                               E94      E94       66     1D28       0
                text1                              1776     1776       39     2EEC       0
                maintext                            EFA      EFA       E6     1DF4       0
                cstackBANK0                          36       36        9       20       1
                cstackCOMMON                         70       70        B       70       1
                inittext                           1753     1753        6     2EA6       0
                dataBANK0                            2C       2C        A       20       1
                bssBANK0                             20       20        C       20       1
                dataCOMMON                           7D       7D        1       70       1
                bssCOMMON                            7B       7B        2       70       1
                stringtext2                        1800     1800        1     3000       0
                stringtext1                        1000     1000      100     2000       0
                idataBANK0                          C0D      C0D        A     181A       0
                idataCOMMON                         C0C      C0C        1     1818       0

TOTAL           Name                               Link     Load   Length     Space
        CLASS   STACK          

        CLASS   CODE           
                end_init                            C07      C07        2         0
                cinit                               FE0      FE0       20         0
                reset_vec                           C04      C04        3         0
                text12                             17AF     17AF       51         0
                text11                             1763     1763       13         0
                text10                             1759     1759        A         0
                text9                               C17      C17       19         0
                text8                               C30      C30       66         0
                text7                               C96      C96       66         0
                text6                               CFC      CFC       66         0
                text5                               D62      D62       66         0
                text4                               DC8      DC8       66         0
                text3                               E2E      E2E       66         0
                text2                               E94      E94       66         0
                text1                              1776     1776       39         0
                maintext                            EFA      EFA       E6         0
                inittext                           1753     1753        6         0
                idataBANK0                          C0D      C0D        A         0
                idataCOMMON                         C0C      C0C        1         0

        CLASS   STRCODE        
                stringtext2                        1800     1800        1         0
                stringtext1                        1000     1000      100         0

        CLASS   STRING         

        CLASS   CONST          

        CLASS   ENTRY          

        CLASS   COMMON         
                cstackCOMMON                         70       70        B         1
                dataCOMMON                           7D       7D        1         1
                bssCOMMON                            7B       7B        2         1

        CLASS   BANK0          
                cstackBANK0                          36       36        9         1
                dataBANK0                            2C       2C        A         1
                bssBANK0                             20       20        C         1

        CLASS   BANK1          

        CLASS   BANK2          

        CLASS   BANK3          

        CLASS   BANK4          

        CLASS   BANK5          

        CLASS   BANK6          

        CLASS   BANK7          

        CLASS   BANK8          

        CLASS   BANK9          

        CLASS   BANK10         

        CLASS   BANK11         

        CLASS   BANK12         

        CLASS   BIGRAM         

        CLASS   RAM            

        CLASS   ABS1           
                abs_s1                               7E       7E        2         1

        CLASS   SFR0           

        CLASS   SFR1           

        CLASS   SFR2           

        CLASS   SFR3           

        CLASS   SFR4           

        CLASS   SFR5           

        CLASS   SFR6           

        CLASS   SFR7           

        CLASS   SFR8           

        CLASS   SFR9           

        CLASS   SFR10          

        CLASS   SFR11          

        CLASS   SFR12          

        CLASS   SFR13          

        CLASS   SFR14          

        CLASS   SFR15          

        CLASS   SFR16          

        CLASS   SFR17          

        CLASS   SFR18          

        CLASS   SFR19          

        CLASS   SFR20          

        CLASS   SFR21          

        CLASS   SFR22          

        CLASS   SFR23          

        CLASS   SFR24          

        CLASS   SFR25          

        CLASS   SFR26          

        CLASS   SFR27          

        CLASS   SFR28          

        CLASS   SFR29          

        CLASS   SFR30          

        CLASS   SFR31          

        CLASS   CONFIG         
                config                             8007     8007        2         0

        CLASS   IDLOC          

        CLASS   BANK31         

        CLASS   BANK30         

        CLASS   BANK29         

        CLASS   BANK28         

        CLASS   BANK27         

        CLASS   BANK26         

        CLASS   BANK25         

        CLASS   BANK24         

        CLASS   BANK23         

        CLASS   BANK22         

        CLASS   BANK21         

        CLASS   BANK20         

        CLASS   BANK19         

        CLASS   BANK18         

        CLASS   BANK17         

        CLASS   BANK16         

        CLASS   BANK15         

        CLASS   BANK14         

        CLASS   BANK13         

        CLASS   EEDATA         



SEGMENTS        Name                           Load    Length   Top    Selector   Space  Class     Delta

                bssBANK0                       000020  00001F  00003F        20       1  BANK0       1
                cstackCOMMON                   000070  00000E  00007E        70       1  COMMON      1
                reset_vec                      000C04  000005  000C09      1808       0  CODE        2
                idataCOMMON                    000C0C  000001  000C0D      1818       0  CODE        2
                idataBANK0                     000C0D  00000A  000C17      181A       0  CODE        2
                text9                          000C17  000019  000C30      182E       0  CODE        2
                text8                          000C30  000066  000C96      1860       0  CODE        2
                text7                          000C96  000066  000CFC      192C       0  CODE        2
                text6                          000CFC  000066  000D62      19F8       0  CODE        2
                text5                          000D62  000066  000DC8      1AC4       0  CODE        2
                text4                          000DC8  000066  000E2E      1B90       0  CODE        2
                text3                          000E2E  000066  000E94      1C5C       0  CODE        2
                text2                          000E94  000066  000EFA      1D28       0  CODE        2
                maintext                       000EFA  0000E6  000FE0      1DF4       0  CODE        2
                cinit                          000FE0  000020  001000      1FC0       0  CODE        2
                stringtext1                    001000  000100  001100      2000       0  STRCODE     2
                inittext                       001753  000006  001759      2EA6       0  CODE        2
                text10                         001759  00000A  001763      2EB2       0  CODE        2
                text11                         001763  000013  001776      2EC6       0  CODE        2
                text1                          001776  000039  0017AF      2EEC       0  CODE        2
                text12                         0017AF  000051  001800      2F5E       0  CODE        2
                stringtext2                    001800  000001  001801      3000       0  STRCODE     2
                config                         008007  000002  008009     1000E       0  CONFIG      2


UNUSED ADDRESS RANGES

        Name                Unused          Largest block    Delta
        BANK0            0003F-0006F              31           1
        BANK1            000A0-000EF              50           1
        BANK10           00520-0056F              50           1
        BANK11           005A0-005EF              50           1
        BANK12           00620-0064F              30           1
        BANK2            00120-0016F              50           1
        BANK3            001A0-001EF              50           1
        BANK4            00220-0026F              50           1
        BANK5            002A0-002EF              50           1
        BANK6            00320-0036F              50           1
        BANK7            003A0-003EF              50           1
        BANK8            00420-0046F              50           1
        BANK9            004A0-004EF              50           1
        BIGRAM           02000-023EF             3F0           1
        CODE             00C09-00C0B               3           2
                         01100-01752             653
                         01801-01FFF             7FF
        CONST            00C09-00C0B               3           2
                         01100-01752             100
                         01801-01FFF             100
        ENTRY            00C09-00C0B               3           2
                         01100-01752             100
                         01801-01FFF             100
        IDLOC            08000-08003               4           2
        RAM              0003F-0006F              31           1
                         000A0-000EF              50
                         00120-0016F              50
                         001A0-001EF              50
                         00220-0026F              50
                         002A0-002EF              50
                         00320-0036F              50
                         003A0-003EF              50
                         00420-0046F              50
                         004A0-004EF              50
                         00520-0056F              50
                         005A0-005EF              50
                         00620-0064F              30
        SFR0             00000-0001F              20           1
        SFR1             00080-0009F              20           1
        SFR10            00500-0051F              20           1
        SFR11            00580-0059F              20           1
        SFR12            00600-0061F              20           1
        SFR13            00680-006EF              70           1
        SFR14            00700-0076F              70           1
        SFR15            00780-007EF              70           1
        SFR16            00800-0086F              70           1
        SFR17            00880-008EF              70           1
        SFR18            00900-0096F              70           1
        SFR19            00980-009EF              70           1
        SFR2             00100-0011F              20           1
        SFR20            00A00-00A6F              70           1
        SFR21            00A80-00AEF              70           1
        SFR22            00B00-00B6F              70           1
        SFR23            00B80-00BEF              70           1
        SFR24            00C00-00C6F              70           1
        SFR25            00C80-00CEF              70           1
        SFR26            00D00-00D6F              70           1
        SFR27            00D80-00DEF              70           1
        SFR28            00E00-00E6F              70           1
        SFR29            00E80-00EEF              70           1
        SFR3             00180-0019F              20           1
        SFR30            00F00-00F6F              70           1
        SFR31            00F80-00FEF              70           1
        SFR4             00200-0021F              20           1
        SFR5             00280-0029F              20           1
        SFR6             00300-0031F              20           1
        SFR7             00380-0039F              20           1
        SFR8             00400-0041F              20           1
        SFR9             00480-0049F              20           1
        STACK            0201F-023EF             3D1           1
        STRCODE          00C09-00C0B               3           2
                         01100-01752             653
                         01801-01FFF             7FF
        STRING           00C09-00C0B               3           2
                         01100-01752             100
                         01801-01FFF             100

                                  Symbol Table

?___awdiv                cstackCOMMON 00070
NeoPixel1@height         cstackCOMMON 00073
NeoPixel1@leds           cstackCOMMON 00070
NeoPixel2@height         cstackCOMMON 00073
NeoPixel2@leds           cstackCOMMON 00070
NeoPixel3@height         cstackCOMMON 00073
NeoPixel3@leds           cstackCOMMON 00070
NeoPixel4@height         cstackCOMMON 00073
NeoPixel4@leds           cstackCOMMON 00070
NeoPixel5@height         cstackCOMMON 00073
NeoPixel5@leds           cstackCOMMON 00070
NeoPixel6@height         cstackCOMMON 00073
NeoPixel6@leds           cstackCOMMON 00070
NeoPixel7@height         cstackCOMMON 00073
NeoPixel7@leds           cstackCOMMON 00070
_ACTCON                  (abs)        0039B
_ADCON0                  (abs)        0009D
_ADCON1                  (abs)        0009E
_ADCON2                  (abs)        0009F
_ADON                    (abs)        004E8
_ADRESH                  (abs)        0009C
_ANSELA                  (abs)        0018C
_ANSELB                  (abs)        0018D
_ANSELC                  (abs)        0018E
_GO                      (abs)        004E9
_LATA                    (abs)        0010C
_LATB                    (abs)        0010D
_LATC                    (abs)        0010E
_LPFAvg                  bssBANK0     0002A
_LPFInput                dataBANK0    0002C
_LPFLookupTable          stringtext1  01000
_NeoPixel1               text8        00C30
_NeoPixel1$74            cstackCOMMON 00074
_NeoPixel2               text7        00C96
_NeoPixel2$78            cstackCOMMON 00074
_NeoPixel3               text6        00CFC
_NeoPixel3$82            cstackCOMMON 00074
_NeoPixel4               text5        00D62
_NeoPixel4$86            cstackCOMMON 00074
_NeoPixel5               text4        00DC8
_NeoPixel5$90            cstackCOMMON 00074
_NeoPixel6               text3        00E2E
_NeoPixel6$94            cstackCOMMON 00074
_NeoPixel7               text2        00E94
_NeoPixel7$98            cstackCOMMON 00074
_OPTION_REG              (abs)        00095
_OSCCON                  (abs)        00099
_PLLRDY                  (abs)        004D6
_RA3                     (abs)        00063
_TRISA                   (abs)        0008C
_TRISB                   (abs)        0008D
_TRISC                   (abs)        0008E
__CFG_BOREN$OFF          (abs)        00000
__CFG_BORV$LO            (abs)        00000
__CFG_CLKOUTEN$OFF       (abs)        00000
__CFG_CP$OFF             (abs)        00000
__CFG_CPUDIV$NOCLKDIV    (abs)        00000
__CFG_FCMEN$OFF          (abs)        00000
__CFG_FOSC$INTOSC        (abs)        00000
__CFG_IESO$OFF           (abs)        00000
__CFG_LPBOR$OFF          (abs)        00000
__CFG_LVP$OFF            (abs)        00000
__CFG_MCLRE$OFF          (abs)        00000
__CFG_PLLEN$ENABLED      (abs)        00000
__CFG_PLLMULT$3x         (abs)        00000
__CFG_PWRTE$ON           (abs)        00000
__CFG_STVREN$ON          (abs)        00000
__CFG_USBLSCLK$48MHz     (abs)        00000
__CFG_WDTE$OFF           (abs)        00000
__CFG_WRT$OFF            (abs)        00000
__Habs1                  abs1         00000
__Hbank0                 bank0        00000
__Hbank1                 bank1        00000
__Hbank10                bank10       00000
__Hbank11                bank11       00000
__Hbank12                bank12       00000
__Hbank13                bank13       00000
__Hbank14                bank14       00000
__Hbank15                bank15       00000
__Hbank16                bank16       00000
__Hbank17                bank17       00000
__Hbank18                bank18       00000
__Hbank19                bank19       00000
__Hbank2                 bank2        00000
__Hbank20                bank20       00000
__Hbank21                bank21       00000
__Hbank22                bank22       00000
__Hbank23                bank23       00000
__Hbank24                bank24       00000
__Hbank25                bank25       00000
__Hbank26                bank26       00000
__Hbank27                bank27       00000
__Hbank28                bank28       00000
__Hbank29                bank29       00000
__Hbank3                 bank3        00000
__Hbank30                bank30       00000
__Hbank31                bank31       00000
__Hbank4                 bank4        00000
__Hbank5                 bank5        00000
__Hbank6                 bank6        00000
__Hbank7                 bank7        00000
__Hbank8                 bank8        00000
__Hbank9                 bank9        00000
__Hbigram                bigram       00000
__HbssBANK0              bssBANK0     00000
__HbssCOMMON             bssCOMMON    00000
__Hcinit                 cinit        01000
__Hclrtext               clrtext      00000
__Hcode                  code         00000
__Hcommon                common       00000
__Hconfig                config       08009
__HcstackBANK0           cstackBANK0  00000
__HcstackCOMMON          cstackCOMMON 00000
__HdataBANK0             dataBANK0    00000
__HdataCOMMON            dataCOMMON   00000
__Heeprom_data           eeprom_data  00000
__Hend_init              end_init     00C09
__Hfunctab               functab      00000
__HidataBANK0            idataBANK0   00000
__HidataCOMMON           idataCOMMON  00000
__Hidloc                 idloc        00000
__Hinit                  init         00C07
__Hinittext              inittext     00000
__Hintentry              intentry     00C07
__Hmaintext              maintext     00000
__Hpowerup               powerup      00000
__Hram                   ram          00000
__Hreset_vec             reset_vec    00C07
__Hsfr0                  sfr0         00000
__Hsfr1                  sfr1         00000
__Hsfr10                 sfr10        00000
__Hsfr11                 sfr11        00000
__Hsfr12                 sfr12        00000
__Hsfr13                 sfr13        00000
__Hsfr14                 sfr14        00000
__Hsfr15                 sfr15        00000
__Hsfr16                 sfr16        00000
__Hsfr17                 sfr17        00000
__Hsfr18                 sfr18        00000
__Hsfr19                 sfr19        00000
__Hsfr2                  sfr2         00000
__Hsfr20                 sfr20        00000
__Hsfr21                 sfr21        00000
__Hsfr22                 sfr22        00000
__Hsfr23                 sfr23        00000
__Hsfr24                 sfr24        00000
__Hsfr25                 sfr25        00000
__Hsfr26                 sfr26        00000
__Hsfr27                 sfr27        00000
__Hsfr28                 sfr28        00000
__Hsfr29                 sfr29        00000
__Hsfr3                  sfr3         00000
__Hsfr30                 sfr30        00000
__Hsfr31                 sfr31        00000
__Hsfr4                  sfr4         00000
__Hsfr5                  sfr5         00000
__Hsfr6                  sfr6         00000
__Hsfr7                  sfr7         00000
__Hsfr8                  sfr8         00000
__Hsfr9                  sfr9         00000
__Hspace_0               (abs)        08009
__Hspace_1               (abs)        0007E
__Hspace_2               (abs)        00000
__Hspace_3               (abs)        00000
__Hstack                 stack        00000
__Hstrings               strings      00000
__Hstringtext1           stringtext1  00000
__Hstringtext2           stringtext2  00000
__Htext                  text         00000
__Labs1                  abs1         00000
__Lbank0                 bank0        00000
__Lbank1                 bank1        00000
__Lbank10                bank10       00000
__Lbank11                bank11       00000
__Lbank12                bank12       00000
__Lbank13                bank13       00000
__Lbank14                bank14       00000
__Lbank15                bank15       00000
__Lbank16                bank16       00000
__Lbank17                bank17       00000
__Lbank18                bank18       00000
__Lbank19                bank19       00000
__Lbank2                 bank2        00000
__Lbank20                bank20       00000
__Lbank21                bank21       00000
__Lbank22                bank22       00000
__Lbank23                bank23       00000
__Lbank24                bank24       00000
__Lbank25                bank25       00000
__Lbank26                bank26       00000
__Lbank27                bank27       00000
__Lbank28                bank28       00000
__Lbank29                bank29       00000
__Lbank3                 bank3        00000
__Lbank30                bank30       00000
__Lbank31                bank31       00000
__Lbank4                 bank4        00000
__Lbank5                 bank5        00000
__Lbank6                 bank6        00000
__Lbank7                 bank7        00000
__Lbank8                 bank8        00000
__Lbank9                 bank9        00000
__Lbigram                bigram       00000
__LbssBANK0              bssBANK0     00000
__LbssCOMMON             bssCOMMON    00000
__Lcinit                 cinit        00FE0
__Lclrtext               clrtext      00000
__Lcode                  code         00000
__Lcommon                common       00000
__Lconfig                config       08007
__LcstackBANK0           cstackBANK0  00000
__LcstackCOMMON          cstackCOMMON 00000
__LdataBANK0             dataBANK0    00000
__LdataCOMMON            dataCOMMON   00000
__Leeprom_data           eeprom_data  00000
__Lend_init              end_init     00C07
__Lfunctab               functab      00000
__LidataBANK0            idataBANK0   00000
__LidataCOMMON           idataCOMMON  00000
__Lidloc                 idloc        00000
__Linit                  init         00C07
__Linittext              inittext     00000
__Lintentry              intentry     00C07
__Lmaintext              maintext     00000
__Lpowerup               powerup      00000
__Lram                   ram          00000
__Lreset_vec             reset_vec    00C04
__Lsfr0                  sfr0         00000
__Lsfr1                  sfr1         00000
__Lsfr10                 sfr10        00000
__Lsfr11                 sfr11        00000
__Lsfr12                 sfr12        00000
__Lsfr13                 sfr13        00000
__Lsfr14                 sfr14        00000
__Lsfr15                 sfr15        00000
__Lsfr16                 sfr16        00000
__Lsfr17                 sfr17        00000
__Lsfr18                 sfr18        00000
__Lsfr19                 sfr19        00000
__Lsfr2                  sfr2         00000
__Lsfr20                 sfr20        00000
__Lsfr21                 sfr21        00000
__Lsfr22                 sfr22        00000
__Lsfr23                 sfr23        00000
__Lsfr24                 sfr24        00000
__Lsfr25                 sfr25        00000
__Lsfr26                 sfr26        00000
__Lsfr27                 sfr27        00000
__Lsfr28                 sfr28        00000
__Lsfr29                 sfr29        00000
__Lsfr3                  sfr3         00000
__Lsfr30                 sfr30        00000
__Lsfr31                 sfr31        00000
__Lsfr4                  sfr4         00000
__Lsfr5                  sfr5         00000
__Lsfr6                  sfr6         00000
__Lsfr7                  sfr7         00000
__Lsfr8                  sfr8         00000
__Lsfr9                  sfr9         00000
__Lspace_0               (abs)        00000
__Lspace_1               (abs)        00000
__Lspace_2               (abs)        00000
__Lspace_3               (abs)        00000
__Lstack                 stack        00000
__Lstrings               strings      00000
__Lstringtext1           stringtext1  00000
__Lstringtext2           stringtext2  00000
__Ltext                  text         00000
__S0                     (abs)        08009
__S1                     (abs)        0007E
__S2                     (abs)        00000
___awdiv                 text12       017AF
___awdiv@counter         cstackCOMMON 00075
___awdiv@dividend        cstackCOMMON 00072
___awdiv@divisor         cstackCOMMON 00070
___awdiv@quotient        cstackCOMMON 00077
___awdiv@sign            cstackCOMMON 00076
___int_sp                stack        00000
___latbits               (abs)        00002
___sp                    stack        00000
__end_of_LPFLookupTable  stringtext1  01100
__end_of_NeoPixel1       text8        00C96
__end_of_NeoPixel2       text7        00CFC
__end_of_NeoPixel3       text6        00D62
__end_of_NeoPixel4       text5        00DC8
__end_of_NeoPixel5       text4        00E2E
__end_of_NeoPixel6       text3        00E94
__end_of_NeoPixel7       text2        00EFA
__end_of___awdiv         text12       01800
__end_of__initialization cinit        00FFD
__end_of_adConvert       text11       01776
__end_of_initOsc         text10       01763
__end_of_initPorts       text9        00C30
__end_of_lights          text1        017AF
__end_of_main            maintext     00FE0
__end_of_maxLEDs         stringtext2  01801
__initialization         cinit        00FE0
__pbssBANK0              bssBANK0     00020
__pbssCOMMON             bssCOMMON    0007B
__pcstackBANK0           cstackBANK0  00036
__pcstackCOMMON          cstackCOMMON 00070
__pdataBANK0             dataBANK0    0002C
__pdataCOMMON            dataCOMMON   0007D
__pidataBANK0            idataBANK0   00C0D
__pidataCOMMON           idataCOMMON  00C0C
__pmaintext              maintext     00EFA
__pstringtext1           stringtext1  01000
__pstringtext2           stringtext2  01800
__ptext1                 text1        01776
__ptext10                text10       01759
__ptext11                text11       01763
__ptext12                text12       017AF
__ptext2                 text2        00E94
__ptext3                 text3        00E2E
__ptext4                 text4        00DC8
__ptext5                 text5        00D62
__ptext6                 text6        00CFC
__ptext7                 text7        00C96
__ptext8                 text8        00C30
__ptext9                 text9        00C17
__size_of_NeoPixel1      (abs)        00000
__size_of_NeoPixel2      (abs)        00000
__size_of_NeoPixel3      (abs)        00000
__size_of_NeoPixel4      (abs)        00000
__size_of_NeoPixel5      (abs)        00000
__size_of_NeoPixel6      (abs)        00000
__size_of_NeoPixel7      (abs)        00000
__size_of___awdiv        (abs)        00000
__size_of_adConvert      (abs)        00000
__size_of_initOsc        (abs)        00000
__size_of_initPorts      (abs)        00000
__size_of_lights         (abs)        00000
__size_of_main           (abs)        00000
_adConvert               text11       01763
_blue                    bssBANK0     00024
_green                   dataCOMMON   0007D
_i                       bssCOMMON    0007B
_initOsc                 text10       01759
_initPorts               text9        00C17
_lastVal                 bssBANK0     0002B
_lights                  text1        01776
_main                    maintext     00EFA
_main$117                cstackCOMMON 00079
_max1                    bssBANK0     00028
_max2                    bssBANK0     00027
_max3                    bssBANK0     00026
_max4                    bssBANK0     00025
_maxLEDs                 stringtext2  01800
_red                     bssCOMMON    0007C
_temp                    bssBANK0     00020
_tempIN                  bssBANK0     00029
adConvert@chan           cstackCOMMON 00070
btemp                    (abs)        0007E
end_of_initialization    cinit        00FFD
init_ram                 inittext     01753
intlevel0                functab      00000
intlevel1                functab      00000
intlevel2                functab      00000
intlevel3                functab      00000
intlevel4                functab      00000
intlevel5                functab      00000
lights@height2           cstackCOMMON 00078
lights@numLeds           cstackCOMMON 00076
reset_vec                reset_vec    00C04
stackhi                  (abs)        023EF
stacklo                  (abs)        0201F
start                    init         00C07
start_initialization     cinit        00FE0
wtemp0                   (abs)        0007E


FUNCTION INFORMATION:

 *************** function _main *****************
 Defined at:
		line 422 in file "UBMPLPF.c"
 Parameters:    Size  Location     Type
		None
 Auto vars:     Size  Location     Type
		None
 Return value:  Size  Location     Type
                  2  214[None  ] int 
 Registers used:
		wreg, fsr0l, fsr0h, fsr1l, fsr1h, status,2, status,0, pclath, cstack
 Tracked objects:
		On entry : 
		On exit  : 
		Unchanged: 
 Data sizes:     COMMON   BANK0   BANK1   BANK2   BANK3   BANK4   BANK5   BANK6   BANK7   BANK8   BANK9  BANK10  BANK11  BANK12
      Params:         0       0       0       0       0       0       0       0       0       0       0       0       0       0
      Locals:         2       0       0       0       0       0       0       0       0       0       0       0       0       0
      Temps:          0       9       0       0       0       0       0       0       0       0       0       0       0       0
      Totals:         2       9       0       0       0       0       0       0       0       0       0       0       0       0
Total ram usage:       11 bytes
 Hardware stack levels required when called:    2
 This function calls:
		___awdiv
		_adConvert
		_initOsc
		_initPorts
		_lights
 This function is called by:
		Startup code after reset
 This function uses a non-reentrant model


 *************** function _lights *****************
 Defined at:
		line 409 in file "UBMPLPF.c"
 Parameters:    Size  Location     Type
  height2         1    wreg     unsigned char 
  numLeds         1    6[COMMON] unsigned char 
 Auto vars:     Size  Location     Type
  height2         1    8[COMMON] unsigned char 
 Return value:  Size  Location     Type
                  1    wreg      void 
 Registers used:
		wreg, status,2, status,0, pclath, cstack
 Tracked objects:
		On entry : 
		On exit  : 
		Unchanged: 
 Data sizes:     COMMON   BANK0   BANK1   BANK2   BANK3   BANK4   BANK5   BANK6   BANK7   BANK8   BANK9  BANK10  BANK11  BANK12
      Params:         1       0       0       0       0       0       0       0       0       0       0       0       0       0
      Locals:         1       0       0       0       0       0       0       0       0       0       0       0       0       0
      Temps:          1       0       0       0       0       0       0       0       0       0       0       0       0       0
      Totals:         3       0       0       0       0       0       0       0       0       0       0       0       0       0
Total ram usage:        3 bytes
 Hardware stack levels used:    1
 Hardware stack levels required when called:    1
 This function calls:
		_NeoPixel1
		_NeoPixel2
		_NeoPixel3
		_NeoPixel4
		_NeoPixel5
		_NeoPixel6
		_NeoPixel7
 This function is called by:
		_main
 This function uses a non-reentrant model


 *************** function _NeoPixel7 *****************
 Defined at:
		line 362 in file "UBMPLPF.c"
 Parameters:    Size  Location     Type
  height          1    wreg     unsigned char 
  leds            1    0[COMMON] unsigned char 
 Auto vars:     Size  Location     Type
  height          1    3[COMMON] unsigned char 
 Return value:  Size  Location     Type
                  1    wreg      void 
 Registers used:
		wreg, status,2, status,0
 Tracked objects:
		On entry : 
		On exit  : 
		Unchanged: 
 Data sizes:     COMMON   BANK0   BANK1   BANK2   BANK3   BANK4   BANK5   BANK6   BANK7   BANK8   BANK9  BANK10  BANK11  BANK12
      Params:         1       0       0       0       0       0       0       0       0       0       0       0       0       0
      Locals:         3       0       0       0       0       0       0       0       0       0       0       0       0       0
      Temps:          2       0       0       0       0       0       0       0       0       0       0       0       0       0
      Totals:         6       0       0       0       0       0       0       0       0       0       0       0       0       0
Total ram usage:        6 bytes
 Hardware stack levels used:    1
 This function calls:
		Nothing
 This function is called by:
		_lights
 This function uses a non-reentrant model


 *************** function _NeoPixel6 *****************
 Defined at:
		line 314 in file "UBMPLPF.c"
 Parameters:    Size  Location     Type
  height          1    wreg     unsigned char 
  leds            1    0[COMMON] unsigned char 
 Auto vars:     Size  Location     Type
  height          1    3[COMMON] unsigned char 
 Return value:  Size  Location     Type
                  1    wreg      void 
 Registers used:
		wreg, status,2, status,0
 Tracked objects:
		On entry : 
		On exit  : 
		Unchanged: 
 Data sizes:     COMMON   BANK0   BANK1   BANK2   BANK3   BANK4   BANK5   BANK6   BANK7   BANK8   BANK9  BANK10  BANK11  BANK12
      Params:         1       0       0       0       0       0       0       0       0       0       0       0       0       0
      Locals:         3       0       0       0       0       0       0       0       0       0       0       0       0       0
      Temps:          2       0       0       0       0       0       0       0       0       0       0       0       0       0
      Totals:         6       0       0       0       0       0       0       0       0       0       0       0       0       0
Total ram usage:        6 bytes
 Hardware stack levels used:    1
 This function calls:
		Nothing
 This function is called by:
		_lights
 This function uses a non-reentrant model


 *************** function _NeoPixel5 *****************
 Defined at:
		line 266 in file "UBMPLPF.c"
 Parameters:    Size  Location     Type
  height          1    wreg     unsigned char 
  leds            1    0[COMMON] unsigned char 
 Auto vars:     Size  Location     Type
  height          1    3[COMMON] unsigned char 
 Return value:  Size  Location     Type
                  1    wreg      void 
 Registers used:
		wreg, status,2, status,0
 Tracked objects:
		On entry : 
		On exit  : 
		Unchanged: 
 Data sizes:     COMMON   BANK0   BANK1   BANK2   BANK3   BANK4   BANK5   BANK6   BANK7   BANK8   BANK9  BANK10  BANK11  BANK12
      Params:         1       0       0       0       0       0       0       0       0       0       0       0       0       0
      Locals:         3       0       0       0       0       0       0       0       0       0       0       0       0       0
      Temps:          2       0       0       0       0       0       0       0       0       0       0       0       0       0
      Totals:         6       0       0       0       0       0       0       0       0       0       0       0       0       0
Total ram usage:        6 bytes
 Hardware stack levels used:    1
 This function calls:
		Nothing
 This function is called by:
		_lights
 This function uses a non-reentrant model


 *************** function _NeoPixel4 *****************
 Defined at:
		line 218 in file "UBMPLPF.c"
 Parameters:    Size  Location     Type
  height          1    wreg     unsigned char 
  leds            1    0[COMMON] unsigned char 
 Auto vars:     Size  Location     Type
  height          1    3[COMMON] unsigned char 
 Return value:  Size  Location     Type
                  1    wreg      void 
 Registers used:
		wreg, status,2, status,0
 Tracked objects:
		On entry : 
		On exit  : 
		Unchanged: 
 Data sizes:     COMMON   BANK0   BANK1   BANK2   BANK3   BANK4   BANK5   BANK6   BANK7   BANK8   BANK9  BANK10  BANK11  BANK12
      Params:         1       0       0       0       0       0       0       0       0       0       0       0       0       0
      Locals:         3       0       0       0       0       0       0       0       0       0       0       0       0       0
      Temps:          2       0       0       0       0       0       0       0       0       0       0       0       0       0
      Totals:         6       0       0       0       0       0       0       0       0       0       0       0       0       0
Total ram usage:        6 bytes
 Hardware stack levels used:    1
 This function calls:
		Nothing
 This function is called by:
		_lights
 This function uses a non-reentrant model


 *************** function _NeoPixel3 *****************
 Defined at:
		line 170 in file "UBMPLPF.c"
 Parameters:    Size  Location     Type
  height          1    wreg     unsigned char 
  leds            1    0[COMMON] unsigned char 
 Auto vars:     Size  Location     Type
  height          1    3[COMMON] unsigned char 
 Return value:  Size  Location     Type
                  1    wreg      void 
 Registers used:
		wreg, status,2, status,0
 Tracked objects:
		On entry : 
		On exit  : 
		Unchanged: 
 Data sizes:     COMMON   BANK0   BANK1   BANK2   BANK3   BANK4   BANK5   BANK6   BANK7   BANK8   BANK9  BANK10  BANK11  BANK12
      Params:         1       0       0       0       0       0       0       0       0       0       0       0       0       0
      Locals:         3       0       0       0       0       0       0       0       0       0       0       0       0       0
      Temps:          2       0       0       0       0       0       0       0       0       0       0       0       0       0
      Totals:         6       0       0       0       0       0       0       0       0       0       0       0       0       0
Total ram usage:        6 bytes
 Hardware stack levels used:    1
 This function calls:
		Nothing
 This function is called by:
		_lights
 This function uses a non-reentrant model


 *************** function _NeoPixel2 *****************
 Defined at:
		line 121 in file "UBMPLPF.c"
 Parameters:    Size  Location     Type
  height          1    wreg     unsigned char 
  leds            1    0[COMMON] unsigned char 
 Auto vars:     Size  Location     Type
  height          1    3[COMMON] unsigned char 
 Return value:  Size  Location     Type
                  1    wreg      void 
 Registers used:
		wreg, status,2, status,0
 Tracked objects:
		On entry : 
		On exit  : 
		Unchanged: 
 Data sizes:     COMMON   BANK0   BANK1   BANK2   BANK3   BANK4   BANK5   BANK6   BANK7   BANK8   BANK9  BANK10  BANK11  BANK12
      Params:         1       0       0       0       0       0       0       0       0       0       0       0       0       0
      Locals:         3       0       0       0       0       0       0       0       0       0       0       0       0       0
      Temps:          2       0       0       0       0       0       0       0       0       0       0       0       0       0
      Totals:         6       0       0       0       0       0       0       0       0       0       0       0       0       0
Total ram usage:        6 bytes
 Hardware stack levels used:    1
 This function calls:
		Nothing
 This function is called by:
		_lights
 This function uses a non-reentrant model


 *************** function _NeoPixel1 *****************
 Defined at:
		line 73 in file "UBMPLPF.c"
 Parameters:    Size  Location     Type
  height          1    wreg     unsigned char 
  leds            1    0[COMMON] unsigned char 
 Auto vars:     Size  Location     Type
  height          1    3[COMMON] unsigned char 
 Return value:  Size  Location     Type
                  1    wreg      void 
 Registers used:
		wreg, status,2, status,0
 Tracked objects:
		On entry : 
		On exit  : 
		Unchanged: 
 Data sizes:     COMMON   BANK0   BANK1   BANK2   BANK3   BANK4   BANK5   BANK6   BANK7   BANK8   BANK9  BANK10  BANK11  BANK12
      Params:         1       0       0       0       0       0       0       0       0       0       0       0       0       0
      Locals:         3       0       0       0       0       0       0       0       0       0       0       0       0       0
      Temps:          2       0       0       0       0       0       0       0       0       0       0       0       0       0
      Totals:         6       0       0       0       0       0       0       0       0       0       0       0       0       0
Total ram usage:        6 bytes
 Hardware stack levels used:    1
 This function calls:
		Nothing
 This function is called by:
		_lights
 This function uses a non-reentrant model


 *************** function _initPorts *****************
 Defined at:
		line 25 in file "UBMP.c"
 Parameters:    Size  Location     Type
		None
 Auto vars:     Size  Location     Type
		None
 Return value:  Size  Location     Type
                  1    wreg      void 
 Registers used:
		wreg, status,2
 Tracked objects:
		On entry : 
		On exit  : 
		Unchanged: 
 Data sizes:     COMMON   BANK0   BANK1   BANK2   BANK3   BANK4   BANK5   BANK6   BANK7   BANK8   BANK9  BANK10  BANK11  BANK12
      Params:         0       0       0       0       0       0       0       0       0       0       0       0       0       0
      Locals:         0       0       0       0       0       0       0       0       0       0       0       0       0       0
      Temps:          0       0       0       0       0       0       0       0       0       0       0       0       0       0
      Totals:         0       0       0       0       0       0       0       0       0       0       0       0       0       0
Total ram usage:        0 bytes
 Hardware stack levels used:    1
 This function calls:
		Nothing
 This function is called by:
		_main
 This function uses a non-reentrant model


 *************** function _initOsc *****************
 Defined at:
		line 16 in file "UBMP.c"
 Parameters:    Size  Location     Type
		None
 Auto vars:     Size  Location     Type
		None
 Return value:  Size  Location     Type
                  1    wreg      void 
 Registers used:
		wreg
 Tracked objects:
		On entry : 
		On exit  : 
		Unchanged: 
 Data sizes:     COMMON   BANK0   BANK1   BANK2   BANK3   BANK4   BANK5   BANK6   BANK7   BANK8   BANK9  BANK10  BANK11  BANK12
      Params:         0       0       0       0       0       0       0       0       0       0       0       0       0       0
      Locals:         0       0       0       0       0       0       0       0       0       0       0       0       0       0
      Temps:          0       0       0       0       0       0       0       0       0       0       0       0       0       0
      Totals:         0       0       0       0       0       0       0       0       0       0       0       0       0       0
Total ram usage:        0 bytes
 Hardware stack levels used:    1
 This function calls:
		Nothing
 This function is called by:
		_main
 This function uses a non-reentrant model


 *************** function _adConvert *****************
 Defined at:
		line 56 in file "UBMPLPF.c"
 Parameters:    Size  Location     Type
  chan            1    wreg     unsigned char 
 Auto vars:     Size  Location     Type
  chan            1    0[COMMON] unsigned char 
 Return value:  Size  Location     Type
                  1    wreg      unsigned char 
 Registers used:
		wreg, status,2, status,0
 Tracked objects:
		On entry : 
		On exit  : 
		Unchanged: 
 Data sizes:     COMMON   BANK0   BANK1   BANK2   BANK3   BANK4   BANK5   BANK6   BANK7   BANK8   BANK9  BANK10  BANK11  BANK12
      Params:         0       0       0       0       0       0       0       0       0       0       0       0       0       0
      Locals:         1       0       0       0       0       0       0       0       0       0       0       0       0       0
      Temps:          0       0       0       0       0       0       0       0       0       0       0       0       0       0
      Totals:         1       0       0       0       0       0       0       0       0       0       0       0       0       0
Total ram usage:        1 bytes
 Hardware stack levels used:    1
 This function calls:
		Nothing
 This function is called by:
		_main
 This function uses a non-reentrant model


 *************** function ___awdiv *****************
 Defined at:
		line 6 in file "C:\Program Files\Microchip\xc8\v1.44\sources\common\awdiv.c"
 Parameters:    Size  Location     Type
  divisor         2    0[COMMON] int 
  dividend        2    2[COMMON] int 
 Auto vars:     Size  Location     Type
  quotient        2    7[COMMON] int 
  sign            1    6[COMMON] unsigned char 
  counter         1    5[COMMON] unsigned char 
 Return value:  Size  Location     Type
                  2    0[COMMON] int 
 Registers used:
		wreg, status,2, status,0
 Tracked objects:
		On entry : 
		On exit  : 
		Unchanged: 
 Data sizes:     COMMON   BANK0   BANK1   BANK2   BANK3   BANK4   BANK5   BANK6   BANK7   BANK8   BANK9  BANK10  BANK11  BANK12
      Params:         4       0       0       0       0       0       0       0       0       0       0       0       0       0
      Locals:         4       0       0       0       0       0       0       0       0       0       0       0       0       0
      Temps:          1       0       0       0       0       0       0       0       0       0       0       0       0       0
      Totals:         9       0       0       0       0       0       0       0       0       0       0       0       0       0
Total ram usage:        9 bytes
 Hardware stack levels used:    1
 This function calls:
		Nothing
 This function is called by:
		_main
 This function uses a non-reentrant model



MODULE INFORMATION

Module		Function		Class		Link	Load	Size
C:\Program Files\Microchip\xc8\v1.44\sources\common\awdiv.c
		___awdiv       		CODE           	17AF	0000	82

C:\Program Files\Microchip\xc8\v1.44\sources\common\awdiv.c estimated size: 82

shared
		_LPFLookupTable		STRCODE        	1000	0000	257
		_maxLEDs       		STRCODE        	1800	0000	2
		__initialization		CODE           	0FE0	0000	30

shared estimated size: 289

UBMP.c
		_initOsc       		CODE           	1759	0000	11
		_initPorts     		CODE           	0C17	0000	26

UBMP.c estimated size: 37

UBMPLPF.c
		_main          		CODE           	0EFA	0000	231
		_lights        		CODE           	1776	0000	58
		_NeoPixel1     		CODE           	0C30	0000	103
		_NeoPixel2     		CODE           	0C96	0000	103
		_NeoPixel3     		CODE           	0CFC	0000	103
		_NeoPixel4     		CODE           	0D62	0000	103
		_NeoPixel5     		CODE           	0DC8	0000	103
		_NeoPixel6     		CODE           	0E2E	0000	103
		_NeoPixel7     		CODE           	0E94	0000	103
		_adConvert     		CODE           	1763	0000	20

UBMPLPF.c estimated size: 1030

